
SEGMENT LIST                                                           Page: 1
------------------------------------------------------------------------------

SEGMENT              FROM TO   LENX  LEND ATTRIBUTES
-------------------- ---- ---- ---- ----- ------------------------------------
CSEG                 0100 0111 0012    18 Fixed, Read only, Initialised
DATA                 0000 0054 0055    85 Relocatable, Read only, Initialised
VARS                 0000 0001 0002     2 Relocatable, Read/write, Initialised
STACK                0000 00FF 0100   256 Relocatable, Read/write, Uninitialised

FIXUP LIST                                                             Page: 2
------------------------------------------------------------------------------

TARGET SEGMENT
        LABEL: FIXUP OFFSET(S)
------------------------------------------------------------------------------
CSEG
        MSG: 0108
        SAVSP: 0102 010F
        STACKEND: 0105
        WRITESTR: 010B

SYMBOL NAME                                                            Page: 3
------------------------------------------------------------------------------

HEX    DEC SEGMENT              SOURCE    SCOPE     NAME
---- ----- -------------------- --------- --------- ----
0111   273 CSEG                 Address F Local    *GOBACK
0100   256 CSEG                 Address F Global   *HELLO
0000     0 <unknown>            External  External *MALLOC
0000     0 DATA                 Address R Local     MSG
0000     0 VARS                 Address R Local     SAVSP
0000     0 STACK                Address R Local    *STACKBASE
0100   256 STACK                Address R Local     STACKEND
0000     0 <unknown>            External  External  WRITESTR

SYMBOL ADDR                                                            Page: 4
------------------------------------------------------------------------------

HEX    DEC SEGMENT              SOURCE    SCOPE     NAME
---- ----- -------------------- --------- --------- ----
0000     0 <unknown>            External  External *MALLOC
0000     0 <unknown>            External  External  WRITESTR
0100   256 CSEG                 Address F Global   *HELLO
0111   273 CSEG                 Address F Local    *GOBACK
0000     0 DATA                 Address R Local     MSG
0000     0 STACK                Address R Local    *STACKBASE
0100   256 STACK                Address R Local     STACKEND
0000     0 VARS                 Address R Local     SAVSP
