
SEGMENT LIST                                                           Page: 1
------------------------------------------------------------------------------

SEGMENT              FROM TO   LENX  LEND ATTRIBUTES
-------------------- ---- ---- ---- ----- ------------------------------------
CSEG                 0000 020B 020C   524 Fixed, Read/write, Initialised

FIXUP LIST                                                             Page: 2
------------------------------------------------------------------------------

TARGET SEGMENT
        LABEL: FIXUP OFFSET(S)
------------------------------------------------------------------------------

SYMBOL NAME                                                            Page: 3
------------------------------------------------------------------------------

HEX    DEC SEGMENT              SOURCE    SCOPE     NAME
---- ----- -------------------- --------- --------- ----
0000     0 CSEG                 Address F Local    *FALSE
0000     0 <unknown>            Const Str Local     FIRST "AC"
0000     0 <unknown>            Const Str Local     FULL "AC/DC"
0013    19 <unknown>            Const Int Local     HIGHNUM
0003     3 <unknown>            Const Int Local     J
0004     4 <unknown>            Const Int Local     K
01B4   436 CSEG                 Address F Local    *KEYWDS
0000     0 <unknown>            Const Str Local     LAST "DC"
0018    24 <unknown>            Const Int Local     LL
0000     0 <unknown>            Const Int Local     LOOP_COUNT
0002     2 <unknown>            Const Int Local     LOWNUM
0007     7 <unknown>            Const Int Local     MEDNUM
0007     7 <unknown>            Const Int Local     MEDNUM2
01BD   445 CSEG                 Address F Local    *TABLK
0001     1 CSEG                 Address F Local    *TRUE
15B3  5555 <unknown>            Const Int Local     U16
0005     5 <unknown>            Const Int Local     U8

SYMBOL ADDR                                                            Page: 4
------------------------------------------------------------------------------

HEX    DEC SEGMENT              SOURCE    SCOPE     NAME
---- ----- -------------------- --------- --------- ----
0000     0 <unknown>            Const Str Local     FIRST "AC"
0000     0 <unknown>            Const Str Local     FULL "AC/DC"
0000     0 <unknown>            Const Str Local     LAST "DC"
0000     0 <unknown>            Const Int Local     LOOP_COUNT
0002     2 <unknown>            Const Int Local     LOWNUM
0003     3 <unknown>            Const Int Local     J
0004     4 <unknown>            Const Int Local     K
0005     5 <unknown>            Const Int Local     U8
0007     7 <unknown>            Const Int Local     MEDNUM
0007     7 <unknown>            Const Int Local     MEDNUM2
0013    19 <unknown>            Const Int Local     HIGHNUM
0018    24 <unknown>            Const Int Local     LL
15B3  5555 <unknown>            Const Int Local     U16
0000     0 CSEG                 Address F Local    *FALSE
0001     1 CSEG                 Address F Local    *TRUE
01B4   436 CSEG                 Address F Local    *KEYWDS
01BD   445 CSEG                 Address F Local    *TABLK
